// Jest Snapshot v1, https://goo.gl/fbAQLP

exports[`Home Component has to match snap 1`] = `
<main>
  <h2
    className="text-2xl mt-2"
  >
    Welcome to our page!
  </h2>
  <p
    className="text-2xl mt-2"
  >
    Lorem ipsum dolor sit amet, consectetur adipisicing elit, sed do eiusmod
  </p>
  <p
    className="text-2xl mt-2"
  >
    Lorem ipsum dolor sit amet, consectetur adipisicing elit, sed do eiusmod
  </p>
</main>
`;
